
> investment@0.1.0 build
> next build

▲ Next.js 16.2.0 (Turbopack)
- Environments: .env.local

  Creating an optimized production build ...
✓ Compiled successfully in 7.3s
  Running TypeScript ...
  Finished TypeScript in 10.9s ...
  Collecting page data using 15 workers ...
  Generating static pages using 15 workers (0/18) ...
  Generating static pages using 15 workers (4/18) 
  Generating static pages using 15 workers (8/18) 
  Generating static pages using 15 workers (13/18) 
✓ Generating static pages using 15 workers (18/18) in 839ms
  Finalizing page optimization ...

Route (app)
┌ ○ /
├ ○ /_not-found
├ ○ /admin/cleanup
├ ○ /admin/master-sync
├ ƒ /api/fx-broker-info
├ ƒ /api/market-data
├ ƒ /api/news
├ ƒ /api/sync
├ ƒ /asset/[symbol]
├ ○ /fx-judgment
├ ○ /fx/eurusd
├ ○ /fx/usdjpy
├ ○ /login
├ ○ /manifest.webmanifest
├ ○ /market-analysis
├ ○ /market-radar
└ ○ /stock-judgment


○  (Static)   prerendered as static content
ƒ  (Dynamic)  server-rendered on demand

