src/components/FXMarketAnalysis.tsx(274,41): error TS2339: Property 'importance' does not exist on type 'EconomicEvent'.
src/components/FXMarketAnalysis.tsx(296,41): error TS2339: Property 'importance' does not exist on type 'EconomicEvent'.
